172.17.0.1 - - [23/Feb/2019:02:57:17 +0000] "GET / HTTP/1.1" 502 2940 "" "Mozilla/5.0 (X11; Linux x86_64; rv:65.0) Gecko/20100101 Firefox/65.0"
172.17.0.1 - - [23/Feb/2019:02:57:18 +0000] "GET /favicon.ico HTTP/1.1" 502 2940 "" "Mozilla/5.0 (X11; Linux x86_64; rv:65.0) Gecko/20100101 Firefox/65.0"
172.17.0.1 - - [23/Feb/2019:02:57:25 +0000] "GET / HTTP/1.1" 502 2940 "" "Mozilla/5.0 (X11; Linux x86_64; rv:65.0) Gecko/20100101 Firefox/65.0"
172.17.0.1 - - [23/Feb/2019:02:57:31 +0000] "GET / HTTP/1.1" 302 101 "http://localhost:8088/" "Mozilla/5.0 (X11; Linux x86_64; rv:65.0) Gecko/20100101 Firefox/65.0"
172.17.0.1 - - [23/Feb/2019:02:57:31 +0000] "GET /users/sign_in HTTP/1.1" 302 149 "http://localhost:8088/" "Mozilla/5.0 (X11; Linux x86_64; rv:65.0) Gecko/20100101 Firefox/65.0"
172.17.0.1 - - [23/Feb/2019:02:57:33 +0000] "GET /users/password/edit?reset_password_token=uv5c1o-YtYozjy8U7veE HTTP/1.1" 200 3562 "http://localhost:8088/" "Mozilla/5.0 (X11; Linux x86_64; rv:65.0) Gecko/20100101 Firefox/65.0"
172.17.0.1 - - [23/Feb/2019:02:57:33 +0000] "GET /assets/webpack/default.18d7b4f9.chunk.js HTTP/1.1" 200 159 "http://localhost:8088/users/password/edit" "Mozilla/5.0 (X11; Linux x86_64; rv:65.0) Gecko/20100101 Firefox/65.0"
172.17.0.1 - - [23/Feb/2019:02:57:33 +0000] "GET /assets/webpack/runtime.2758e43e.bundle.js HTTP/1.1" 200 1969 "http://localhost:8088/users/password/edit" "Mozilla/5.0 (X11; Linux x86_64; rv:65.0) Gecko/20100101 Firefox/65.0"
172.17.0.1 - - [23/Feb/2019:02:57:33 +0000] "GET /assets/print-c8ff536271f8974b8a9a5f75c0ca25d2b8c1dceb4cff3c01d1603862a0bdcbfc.css HTTP/1.1" 200 384 "http://localhost:8088/users/password/edit" "Mozilla/5.0 (X11; Linux x86_64; rv:65.0) Gecko/20100101 Firefox/65.0"
172.17.0.1 - - [23/Feb/2019:02:57:33 +0000] "GET /assets/application-e26a276298f24265784769e832caf976e30efdf8b813712fba20da91fbf0e405.css HTTP/1.1" 200 133828 "http://localhost:8088/users/password/edit" "Mozilla/5.0 (X11; Linux x86_64; rv:65.0) Gecko/20100101 Firefox/65.0"
172.17.0.1 - - [23/Feb/2019:02:57:33 +0000] "GET /assets/webpack/main.587b17f4.chunk.js HTTP/1.1" 200 365154 "http://localhost:8088/users/password/edit" "Mozilla/5.0 (X11; Linux x86_64; rv:65.0) Gecko/20100101 Firefox/65.0"
172.17.0.1 - - [23/Feb/2019:02:57:34 +0000] "GET /assets/touch-icon-ipad-retina-8ebe416f5313483d9c1bc772b5bbe03ecad52a54eba443e5215a22caed2a16a2.png HTTP/1.1" 200 5662 "" "Mozilla/5.0 (X11; Linux x86_64; rv:65.0) Gecko/20100101 Firefox/65.0"
172.17.0.1 - - [23/Feb/2019:02:57:34 +0000] "GET /assets/favicon-7901bd695fb93edb07975966062049829afb56cf11511236e61bcf425070e36e.png HTTP/1.1" 200 1611 "" "Mozilla/5.0 (X11; Linux x86_64; rv:65.0) Gecko/20100101 Firefox/65.0"
127.0.0.1 - - [23/Feb/2019:02:57:38 +0000] "GET /help HTTP/1.1" 200 78405 "" "curl/7.59.0-DEV"
172.17.0.1 - - [23/Feb/2019:02:57:55 +0000] "POST /users/password HTTP/1.1" 302 101 "http://localhost:8088/users/password/edit" "Mozilla/5.0 (X11; Linux x86_64; rv:65.0) Gecko/20100101 Firefox/65.0"
172.17.0.1 - - [23/Feb/2019:02:57:56 +0000] "GET /users/sign_in HTTP/1.1" 200 4314 "http://localhost:8088/users/password/edit" "Mozilla/5.0 (X11; Linux x86_64; rv:65.0) Gecko/20100101 Firefox/65.0"
172.17.0.1 - - [23/Feb/2019:02:57:56 +0000] "GET /assets/webpack/commons~pages.ldap.omniauth_callbacks~pages.omniauth_callbacks~pages.sessions~pages.sessions.new.72367e20.chunk.js HTTP/1.1" 200 3636 "http://localhost:8088/users/sign_in" "Mozilla/5.0 (X11; Linux x86_64; rv:65.0) Gecko/20100101 Firefox/65.0"
172.17.0.1 - - [23/Feb/2019:02:57:56 +0000] "GET /assets/webpack/pages.sessions.new.cadfab4e.chunk.js HTTP/1.1" 200 1885 "http://localhost:8088/users/sign_in" "Mozilla/5.0 (X11; Linux x86_64; rv:65.0) Gecko/20100101 Firefox/65.0"
172.17.0.1 - - [23/Feb/2019:02:58:06 +0000] "POST /users/sign_in HTTP/1.1" 302 88 "http://localhost:8088/users/sign_in" "Mozilla/5.0 (X11; Linux x86_64; rv:65.0) Gecko/20100101 Firefox/65.0"
172.17.0.1 - - [23/Feb/2019:02:58:07 +0000] "GET / HTTP/1.1" 200 8268 "http://localhost:8088/users/sign_in" "Mozilla/5.0 (X11; Linux x86_64; rv:65.0) Gecko/20100101 Firefox/65.0"
172.17.0.1 - - [23/Feb/2019:02:58:08 +0000] "GET /assets/webpack/pages.root.af0afbf4.chunk.js HTTP/1.1" 200 1120 "http://localhost:8088/" "Mozilla/5.0 (X11; Linux x86_64; rv:65.0) Gecko/20100101 Firefox/65.0"
172.17.0.1 - - [23/Feb/2019:02:58:08 +0000] "GET /assets/icons-24aaa921aa9e411162e6913688816c79861d0de4bee876cf6fc4c794be34ee91.svg HTTP/1.1" 200 32382 "http://localhost:8088/" "Mozilla/5.0 (X11; Linux x86_64; rv:65.0) Gecko/20100101 Firefox/65.0"
172.17.0.1 - - [23/Feb/2019:02:58:31 +0000] "GET /admin HTTP/1.1" 200 8309 "http://localhost:8088/" "Mozilla/5.0 (X11; Linux x86_64; rv:65.0) Gecko/20100101 Firefox/65.0"
172.17.0.1 - - [23/Feb/2019:02:58:31 +0000] "GET /assets/webpack/pages.admin.f067da19.chunk.js HTTP/1.1" 200 674 "http://localhost:8088/admin" "Mozilla/5.0 (X11; Linux x86_64; rv:65.0) Gecko/20100101 Firefox/65.0"
172.17.0.1 - - [23/Feb/2019:02:58:31 +0000] "GET /assets/fontawesome-webfont-2adefcbc041e7d18fcf2d417879dc5a09997aa64d675b7a3c4b6ce33da13f3fe.woff2 HTTP/1.1" 200 77160 "http://localhost:8088/assets/application-e26a276298f24265784769e832caf976e30efdf8b813712fba20da91fbf0e405.css" "Mozilla/5.0 (X11; Linux x86_64; rv:65.0) Gecko/20100101 Firefox/65.0"
127.0.0.1 - - [23/Feb/2019:02:58:39 +0000] "GET /help HTTP/1.1" 200 78405 "" "curl/7.59.0-DEV"
127.0.0.1 - - [23/Feb/2019:02:59:40 +0000] "GET /help HTTP/1.1" 200 78412 "" "curl/7.59.0-DEV"
127.0.0.1 - - [23/Feb/2019:03:00:41 +0000] "GET /help HTTP/1.1" 200 78405 "" "curl/7.59.0-DEV"
172.17.0.1 - - [23/Feb/2019:03:00:56 +0000] "GET /assets/gitlab_logo-7ae504fe4f68fdebb3c2034e36621930cd36ea87924c11ff65dbcb8ed50dca58.png HTTP/1.1" 200 3616 "" "Mozilla/5.0 (X11; Linux x86_64; rv:65.0) Gecko/20100101 Firefox/65.0"
172.17.0.1 - - [23/Feb/2019:03:00:56 +0000] "GET /favicon.ico HTTP/1.1" 301 171 "" "Mozilla/5.0 (X11; Linux x86_64; rv:65.0) Gecko/20100101 Firefox/65.0"
172.17.0.1 - - [23/Feb/2019:03:00:56 +0000] "GET /assets/favicon-7901bd695fb93edb07975966062049829afb56cf11511236e61bcf425070e36e.png HTTP/1.1" 200 1611 "" "Mozilla/5.0 (X11; Linux x86_64; rv:65.0) Gecko/20100101 Firefox/65.0"
127.0.0.1 - - [23/Feb/2019:03:01:42 +0000] "GET /help HTTP/1.1" 200 78412 "" "curl/7.59.0-DEV"
127.0.0.1 - - [23/Feb/2019:03:02:44 +0000] "GET /help HTTP/1.1" 200 78405 "" "curl/7.59.0-DEV"
127.0.0.1 - - [23/Feb/2019:03:03:45 +0000] "GET /help HTTP/1.1" 200 78405 "" "curl/7.59.0-DEV"
127.0.0.1 - - [23/Feb/2019:03:04:46 +0000] "GET /help HTTP/1.1" 200 78405 "" "curl/7.59.0-DEV"
172.17.0.1 - - [23/Feb/2019:03:04:59 +0000] "GET /admin/appearance HTTP/1.1" 200 8312 "http://localhost:8088/admin" "Mozilla/5.0 (X11; Linux x86_64; rv:65.0) Gecko/20100101 Firefox/65.0"
172.17.0.1 - - [23/Feb/2019:03:05:00 +0000] "GET /assets/icons-24aaa921aa9e411162e6913688816c79861d0de4bee876cf6fc4c794be34ee91.svg HTTP/1.1" 200 32382 "http://localhost:8088/admin/appearance" "Mozilla/5.0 (X11; Linux x86_64; rv:65.0) Gecko/20100101 Firefox/65.0"
127.0.0.1 - - [23/Feb/2019:03:05:47 +0000] "GET /help HTTP/1.1" 200 78405 "" "curl/7.59.0-DEV"
172.17.0.1 - - [23/Feb/2019:03:06:15 +0000] "POST /admin/appearance HTTP/1.1" 200 7564 "http://localhost:8088/admin/appearance" "Mozilla/5.0 (X11; Linux x86_64; rv:65.0) Gecko/20100101 Firefox/65.0"
172.17.0.1 - - [23/Feb/2019:03:06:16 +0000] "GET /uploads/-/system/tmp/cache/1550891174-1550-0001-6363/kosmos-color-full.svg HTTP/1.1" 404 3108 "http://localhost:8088/admin/appearance" "Mozilla/5.0 (X11; Linux x86_64; rv:65.0) Gecko/20100101 Firefox/65.0"
172.17.0.1 - - [23/Feb/2019:03:06:23 +0000] "GET / HTTP/1.1" 200 8273 "http://localhost:8088/admin/appearance" "Mozilla/5.0 (X11; Linux x86_64; rv:65.0) Gecko/20100101 Firefox/65.0"
172.17.0.1 - - [23/Feb/2019:03:06:24 +0000] "GET /assets/webpack/pages.root.af0afbf4.chunk.js HTTP/1.1" 200 1120 "http://localhost:8088/" "Mozilla/5.0 (X11; Linux x86_64; rv:65.0) Gecko/20100101 Firefox/65.0"
127.0.0.1 - - [23/Feb/2019:04:28:04 +0000] "GET /help HTTP/1.1" 200 78405 "" "curl/7.59.0-DEV"
127.0.0.1 - - [23/Feb/2019:04:29:04 +0000] "GET /help HTTP/1.1" 200 78405 "" "curl/7.59.0-DEV"
127.0.0.1 - - [23/Feb/2019:04:30:05 +0000] "GET /help HTTP/1.1" 200 78412 "" "curl/7.59.0-DEV"
127.0.0.1 - - [23/Feb/2019:04:31:06 +0000] "GET /help HTTP/1.1" 200 78405 "" "curl/7.59.0-DEV"
127.0.0.1 - - [23/Feb/2019:04:32:07 +0000] "GET /help HTTP/1.1" 200 78405 "" "curl/7.59.0-DEV"
127.0.0.1 - - [23/Feb/2019:04:33:08 +0000] "GET /help HTTP/1.1" 200 78405 "" "curl/7.59.0-DEV"
127.0.0.1 - - [23/Feb/2019:04:34:09 +0000] "GET /help HTTP/1.1" 200 78405 "" "curl/7.59.0-DEV"
127.0.0.1 - - [23/Feb/2019:04:35:09 +0000] "GET /help HTTP/1.1" 200 78405 "" "curl/7.59.0-DEV"
127.0.0.1 - - [23/Feb/2019:04:36:11 +0000] "GET /help HTTP/1.1" 200 78405 "" "curl/7.59.0-DEV"
127.0.0.1 - - [23/Feb/2019:04:37:12 +0000] "GET /help HTTP/1.1" 200 78405 "" "curl/7.59.0-DEV"
127.0.0.1 - - [23/Feb/2019:05:06:09 +0000] "GET /help HTTP/1.1" 200 78405 "" "curl/7.59.0-DEV"
127.0.0.1 - - [23/Feb/2019:05:07:10 +0000] "GET /help HTTP/1.1" 200 78405 "" "curl/7.59.0-DEV"
127.0.0.1 - - [23/Feb/2019:05:08:11 +0000] "GET /help HTTP/1.1" 200 78405 "" "curl/7.59.0-DEV"
127.0.0.1 - - [23/Feb/2019:05:09:13 +0000] "GET /help HTTP/1.1" 200 78405 "" "curl/7.59.0-DEV"
127.0.0.1 - - [23/Feb/2019:05:10:13 +0000] "GET /help HTTP/1.1" 200 78405 "" "curl/7.59.0-DEV"
127.0.0.1 - - [23/Feb/2019:05:11:14 +0000] "GET /help HTTP/1.1" 200 78405 "" "curl/7.59.0-DEV"
127.0.0.1 - - [23/Feb/2019:05:12:15 +0000] "GET /help HTTP/1.1" 200 78405 "" "curl/7.59.0-DEV"
127.0.0.1 - - [23/Feb/2019:05:13:16 +0000] "GET /help HTTP/1.1" 200 78405 "" "curl/7.59.0-DEV"
127.0.0.1 - - [23/Feb/2019:05:14:16 +0000] "GET /help HTTP/1.1" 200 78405 "" "curl/7.59.0-DEV"
127.0.0.1 - - [23/Feb/2019:05:15:17 +0000] "GET /help HTTP/1.1" 200 78405 "" "curl/7.59.0-DEV"
127.0.0.1 - - [23/Feb/2019:05:16:18 +0000] "GET /help HTTP/1.1" 200 78405 "" "curl/7.59.0-DEV"
127.0.0.1 - - [23/Feb/2019:05:28:05 +0000] "GET /help HTTP/1.1" 200 78405 "" "curl/7.59.0-DEV"
127.0.0.1 - - [23/Feb/2019:05:29:07 +0000] "GET /help HTTP/1.1" 200 78405 "" "curl/7.59.0-DEV"
127.0.0.1 - - [23/Feb/2019:05:30:08 +0000] "GET /help HTTP/1.1" 200 78405 "" "curl/7.59.0-DEV"
127.0.0.1 - - [23/Feb/2019:05:31:09 +0000] "GET /help HTTP/1.1" 200 78405 "" "curl/7.59.0-DEV"
127.0.0.1 - - [23/Feb/2019:05:32:10 +0000] "GET /help HTTP/1.1" 200 78405 "" "curl/7.59.0-DEV"
127.0.0.1 - - [23/Feb/2019:05:33:10 +0000] "GET /help HTTP/1.1" 200 78405 "" "curl/7.59.0-DEV"
127.0.0.1 - - [23/Feb/2019:05:34:11 +0000] "GET /help HTTP/1.1" 200 78405 "" "curl/7.59.0-DEV"
127.0.0.1 - - [23/Feb/2019:05:35:12 +0000] "GET /help HTTP/1.1" 200 78405 "" "curl/7.59.0-DEV"
127.0.0.1 - - [23/Feb/2019:05:36:13 +0000] "GET /help HTTP/1.1" 200 78412 "" "curl/7.59.0-DEV"
127.0.0.1 - - [23/Feb/2019:05:45:37 +0000] "GET /help HTTP/1.1" 200 78405 "" "curl/7.59.0-DEV"
127.0.0.1 - - [23/Feb/2019:05:46:38 +0000] "GET /help HTTP/1.1" 200 78405 "" "curl/7.59.0-DEV"
127.0.0.1 - - [23/Feb/2019:05:47:38 +0000] "GET /help HTTP/1.1" 200 78405 "" "curl/7.59.0-DEV"
127.0.0.1 - - [23/Feb/2019:05:48:39 +0000] "GET /help HTTP/1.1" 200 78405 "" "curl/7.59.0-DEV"
127.0.0.1 - - [23/Feb/2019:05:49:40 +0000] "GET /help HTTP/1.1" 200 78405 "" "curl/7.59.0-DEV"
127.0.0.1 - - [23/Feb/2019:05:50:41 +0000] "GET /help HTTP/1.1" 200 78405 "" "curl/7.59.0-DEV"
127.0.0.1 - - [23/Feb/2019:05:51:42 +0000] "GET /help HTTP/1.1" 200 78405 "" "curl/7.59.0-DEV"
127.0.0.1 - - [23/Feb/2019:05:52:43 +0000] "GET /help HTTP/1.1" 200 78405 "" "curl/7.59.0-DEV"
127.0.0.1 - - [23/Feb/2019:05:53:44 +0000] "GET /help HTTP/1.1" 200 78405 "" "curl/7.59.0-DEV"
127.0.0.1 - - [23/Feb/2019:05:54:44 +0000] "GET /help HTTP/1.1" 200 78405 "" "curl/7.59.0-DEV"
127.0.0.1 - - [23/Feb/2019:06:00:06 +0000] "GET /help HTTP/1.1" 200 78405 "" "curl/7.59.0-DEV"
127.0.0.1 - - [23/Feb/2019:06:01:07 +0000] "GET /help HTTP/1.1" 200 78405 "" "curl/7.59.0-DEV"
127.0.0.1 - - [23/Feb/2019:06:02:08 +0000] "GET /help HTTP/1.1" 200 78405 "" "curl/7.59.0-DEV"
127.0.0.1 - - [23/Feb/2019:06:03:09 +0000] "GET /help HTTP/1.1" 200 78405 "" "curl/7.59.0-DEV"
127.0.0.1 - - [23/Feb/2019:06:04:09 +0000] "GET /help HTTP/1.1" 200 78405 "" "curl/7.59.0-DEV"
127.0.0.1 - - [23/Feb/2019:06:05:10 +0000] "GET /help HTTP/1.1" 200 78405 "" "curl/7.59.0-DEV"
127.0.0.1 - - [23/Feb/2019:06:06:12 +0000] "GET /help HTTP/1.1" 200 78405 "" "curl/7.59.0-DEV"
127.0.0.1 - - [23/Feb/2019:06:07:12 +0000] "GET /help HTTP/1.1" 200 78405 "" "curl/7.59.0-DEV"
127.0.0.1 - - [23/Feb/2019:06:08:14 +0000] "GET /help HTTP/1.1" 200 78405 "" "curl/7.59.0-DEV"
127.0.0.1 - - [23/Feb/2019:06:09:14 +0000] "GET /help HTTP/1.1" 200 78405 "" "curl/7.59.0-DEV"
127.0.0.1 - - [23/Feb/2019:07:50:01 +0000] "GET /help HTTP/1.1" 200 78405 "" "curl/7.59.0-DEV"
127.0.0.1 - - [23/Feb/2019:07:51:02 +0000] "GET /help HTTP/1.1" 200 78405 "" "curl/7.59.0-DEV"
127.0.0.1 - - [23/Feb/2019:07:52:03 +0000] "GET /help HTTP/1.1" 200 78405 "" "curl/7.59.0-DEV"
127.0.0.1 - - [23/Feb/2019:07:53:03 +0000] "GET /help HTTP/1.1" 200 78405 "" "curl/7.59.0-DEV"
127.0.0.1 - - [23/Feb/2019:07:54:04 +0000] "GET /help HTTP/1.1" 200 78405 "" "curl/7.59.0-DEV"
127.0.0.1 - - [23/Feb/2019:07:55:05 +0000] "GET /help HTTP/1.1" 200 78405 "" "curl/7.59.0-DEV"
127.0.0.1 - - [23/Feb/2019:07:56:06 +0000] "GET /help HTTP/1.1" 200 78405 "" "curl/7.59.0-DEV"
127.0.0.1 - - [23/Feb/2019:07:57:06 +0000] "GET /help HTTP/1.1" 200 78405 "" "curl/7.59.0-DEV"
127.0.0.1 - - [23/Feb/2019:07:58:07 +0000] "GET /help HTTP/1.1" 200 78405 "" "curl/7.59.0-DEV"
127.0.0.1 - - [23/Feb/2019:07:59:08 +0000] "GET /help HTTP/1.1" 200 78405 "" "curl/7.59.0-DEV"
127.0.0.1 - - [23/Feb/2019:08:00:09 +0000] "GET /help HTTP/1.1" 200 78405 "" "curl/7.59.0-DEV"
172.17.0.1 - - [23/Feb/2019:08:00:50 +0000] "GET / HTTP/1.1" 200 8272 "http://localhost:8088/" "Mozilla/5.0 (X11; Linux x86_64; rv:65.0) Gecko/20100101 Firefox/65.0"
127.0.0.1 - - [23/Feb/2019:08:01:09 +0000] "GET /help HTTP/1.1" 200 78405 "" "curl/7.59.0-DEV"
172.17.0.1 - - [23/Feb/2019:08:01:44 +0000] "GET /admin HTTP/1.1" 200 8306 "http://localhost:8088/" "Mozilla/5.0 (X11; Linux x86_64; rv:65.0) Gecko/20100101 Firefox/65.0"
127.0.0.1 - - [23/Feb/2019:08:02:10 +0000] "GET /help HTTP/1.1" 200 78405 "" "curl/7.59.0-DEV"
127.0.0.1 - - [23/Feb/2019:08:03:11 +0000] "GET /help HTTP/1.1" 200 78405 "" "curl/7.59.0-DEV"
172.17.0.1 - - [23/Feb/2019:08:04:00 +0000] "GET /admin HTTP/1.1" 200 8309 "http://localhost:8088/admin" "Mozilla/5.0 (X11; Linux x86_64; rv:65.0) Gecko/20100101 Firefox/65.0"
172.17.0.1 - - [23/Feb/2019:08:04:01 +0000] "GET /admin/appearance HTTP/1.1" 200 8309 "http://localhost:8088/admin" "Mozilla/5.0 (X11; Linux x86_64; rv:65.0) Gecko/20100101 Firefox/65.0"
127.0.0.1 - - [23/Feb/2019:08:04:12 +0000] "GET /help HTTP/1.1" 200 78405 "" "curl/7.59.0-DEV"
172.17.0.1 - - [23/Feb/2019:08:04:23 +0000] "POST /admin/appearance HTTP/1.1" 302 104 "http://localhost:8088/admin/appearance" "Mozilla/5.0 (X11; Linux x86_64; rv:65.0) Gecko/20100101 Firefox/65.0"
172.17.0.1 - - [23/Feb/2019:08:04:23 +0000] "GET /admin/appearance HTTP/1.1" 200 7731 "http://localhost:8088/admin/appearance" "Mozilla/5.0 (X11; Linux x86_64; rv:65.0) Gecko/20100101 Firefox/65.0"
172.17.0.1 - - [23/Feb/2019:08:04:25 +0000] "GET /uploads/-/system/appearance/header_logo/1/arch_logo_2.png HTTP/1.1" 200 8149 "http://localhost:8088/admin/appearance" "Mozilla/5.0 (X11; Linux x86_64; rv:65.0) Gecko/20100101 Firefox/65.0"
172.17.0.1 - - [23/Feb/2019:08:04:58 +0000] "POST /admin/appearance HTTP/1.1" 200 7835 "http://localhost:8088/admin/appearance" "Mozilla/5.0 (X11; Linux x86_64; rv:65.0) Gecko/20100101 Firefox/65.0"
172.17.0.1 - - [23/Feb/2019:08:04:59 +0000] "GET /uploads/-/system/appearance/header_logo/1/arch_logo_2.png HTTP/1.1" 304 0 "http://localhost:8088/admin/appearance" "Mozilla/5.0 (X11; Linux x86_64; rv:65.0) Gecko/20100101 Firefox/65.0"
127.0.0.1 - - [23/Feb/2019:08:05:13 +0000] "GET /help HTTP/1.1" 200 76421 "" "curl/7.59.0-DEV"
127.0.0.1 - - [23/Feb/2019:08:06:13 +0000] "GET /help HTTP/1.1" 200 76421 "" "curl/7.59.0-DEV"
127.0.0.1 - - [23/Feb/2019:08:07:14 +0000] "GET /help HTTP/1.1" 200 76421 "" "curl/7.59.0-DEV"
127.0.0.1 - - [23/Feb/2019:08:08:15 +0000] "GET /help HTTP/1.1" 200 76421 "" "curl/7.59.0-DEV"
127.0.0.1 - - [23/Feb/2019:08:09:15 +0000] "GET /help HTTP/1.1" 200 76421 "" "curl/7.59.0-DEV"
127.0.0.1 - - [23/Feb/2019:08:12:56 +0000] "GET /help HTTP/1.1" 200 76421 "" "curl/7.59.0-DEV"
127.0.0.1 - - [23/Feb/2019:08:13:57 +0000] "GET /help HTTP/1.1" 200 76421 "" "curl/7.59.0-DEV"
172.17.0.1 - - [23/Feb/2019:08:14:25 +0000] "POST /admin/appearance HTTP/1.1" 302 104 "http://localhost:8088/admin/appearance" "Mozilla/5.0 (X11; Linux x86_64; rv:65.0) Gecko/20100101 Firefox/65.0"
172.17.0.1 - - [23/Feb/2019:08:14:25 +0000] "GET /admin/appearance HTTP/1.1" 200 7779 "http://localhost:8088/admin/appearance" "Mozilla/5.0 (X11; Linux x86_64; rv:65.0) Gecko/20100101 Firefox/65.0"
172.17.0.1 - - [23/Feb/2019:08:14:26 +0000] "GET /uploads/-/system/appearance/logo/1/Koompi-wall-02.png HTTP/1.1" 200 123357 "http://localhost:8088/admin/appearance" "Mozilla/5.0 (X11; Linux x86_64; rv:65.0) Gecko/20100101 Firefox/65.0"
172.17.0.1 - - [23/Feb/2019:08:14:26 +0000] "GET /uploads/-/system/appearance/header_logo/1/arch_logo_2.png HTTP/1.1" 304 0 "http://localhost:8088/admin/appearance" "Mozilla/5.0 (X11; Linux x86_64; rv:65.0) Gecko/20100101 Firefox/65.0"
172.17.0.1 - - [23/Feb/2019:08:14:30 +0000] "GET /users/sign_out HTTP/1.1" 302 101 "http://localhost:8088/admin/appearance" "Mozilla/5.0 (X11; Linux x86_64; rv:65.0) Gecko/20100101 Firefox/65.0"
172.17.0.1 - - [23/Feb/2019:08:14:30 +0000] "GET /users/sign_in HTTP/1.1" 200 4089 "http://localhost:8088/admin/appearance" "Mozilla/5.0 (X11; Linux x86_64; rv:65.0) Gecko/20100101 Firefox/65.0"
172.17.0.1 - - [23/Feb/2019:08:14:31 +0000] "GET /uploads/-/system/appearance/header_logo/1/arch_logo_2.png HTTP/1.1" 304 0 "http://localhost:8088/users/sign_in" "Mozilla/5.0 (X11; Linux x86_64; rv:65.0) Gecko/20100101 Firefox/65.0"
172.17.0.1 - - [23/Feb/2019:08:14:31 +0000] "GET /uploads/-/system/appearance/logo/1/Koompi-wall-02.png HTTP/1.1" 304 0 "http://localhost:8088/users/sign_in" "Mozilla/5.0 (X11; Linux x86_64; rv:65.0) Gecko/20100101 Firefox/65.0"
172.17.0.1 - - [23/Feb/2019:08:14:48 +0000] "POST /users/sign_in HTTP/1.1" 302 88 "http://localhost:8088/users/sign_in" "Mozilla/5.0 (X11; Linux x86_64; rv:65.0) Gecko/20100101 Firefox/65.0"
172.17.0.1 - - [23/Feb/2019:08:14:48 +0000] "GET / HTTP/1.1" 200 7278 "http://localhost:8088/users/sign_in" "Mozilla/5.0 (X11; Linux x86_64; rv:65.0) Gecko/20100101 Firefox/65.0"
172.17.0.1 - - [23/Feb/2019:08:14:49 +0000] "GET /uploads/-/system/appearance/header_logo/1/arch_logo_2.png HTTP/1.1" 304 0 "http://localhost:8088/" "Mozilla/5.0 (X11; Linux x86_64; rv:65.0) Gecko/20100101 Firefox/65.0"
127.0.0.1 - - [23/Feb/2019:08:14:58 +0000] "GET /help HTTP/1.1" 200 76421 "" "curl/7.59.0-DEV"
172.17.0.1 - - [23/Feb/2019:08:15:00 +0000] "GET / HTTP/1.1" 200 7283 "http://localhost:8088/" "Mozilla/5.0 (X11; Linux x86_64; rv:65.0) Gecko/20100101 Firefox/65.0"
172.17.0.1 - - [23/Feb/2019:08:15:01 +0000] "GET /uploads/-/system/appearance/header_logo/1/arch_logo_2.png HTTP/1.1" 304 0 "http://localhost:8088/" "Mozilla/5.0 (X11; Linux x86_64; rv:65.0) Gecko/20100101 Firefox/65.0"
127.0.0.1 - - [23/Feb/2019:08:15:58 +0000] "GET /help HTTP/1.1" 200 76421 "" "curl/7.59.0-DEV"
127.0.0.1 - - [23/Feb/2019:08:16:59 +0000] "GET /help HTTP/1.1" 200 76421 "" "curl/7.59.0-DEV"
127.0.0.1 - - [23/Feb/2019:08:18:00 +0000] "GET /help HTTP/1.1" 200 76421 "" "curl/7.59.0-DEV"
127.0.0.1 - - [23/Feb/2019:08:19:01 +0000] "GET /help HTTP/1.1" 200 76421 "" "curl/7.59.0-DEV"
127.0.0.1 - - [23/Feb/2019:08:20:02 +0000] "GET /help HTTP/1.1" 200 76421 "" "curl/7.59.0-DEV"
127.0.0.1 - - [23/Feb/2019:08:21:03 +0000] "GET /help HTTP/1.1" 200 76421 "" "curl/7.59.0-DEV"
127.0.0.1 - - [23/Feb/2019:08:22:03 +0000] "GET /help HTTP/1.1" 200 76421 "" "curl/7.59.0-DEV"
127.0.0.1 - - [23/Feb/2019:08:23:05 +0000] "GET /help HTTP/1.1" 200 76421 "" "curl/7.59.0-DEV"
127.0.0.1 - - [23/Feb/2019:08:24:05 +0000] "GET /help HTTP/1.1" 200 76421 "" "curl/7.59.0-DEV"
127.0.0.1 - - [23/Feb/2019:08:25:06 +0000] "GET /help HTTP/1.1" 200 76421 "" "curl/7.59.0-DEV"
127.0.0.1 - - [23/Feb/2019:08:26:07 +0000] "GET /help HTTP/1.1" 200 76421 "" "curl/7.59.0-DEV"
127.0.0.1 - - [23/Feb/2019:08:27:07 +0000] "GET /help HTTP/1.1" 200 76421 "" "curl/7.59.0-DEV"
127.0.0.1 - - [23/Feb/2019:08:28:08 +0000] "GET /help HTTP/1.1" 200 76421 "" "curl/7.59.0-DEV"
127.0.0.1 - - [23/Feb/2019:08:29:09 +0000] "GET /help HTTP/1.1" 200 76421 "" "curl/7.59.0-DEV"
127.0.0.1 - - [23/Feb/2019:08:30:10 +0000] "GET /help HTTP/1.1" 200 76421 "" "curl/7.59.0-DEV"
127.0.0.1 - - [23/Feb/2019:08:31:10 +0000] "GET /help HTTP/1.1" 200 76421 "" "curl/7.59.0-DEV"
127.0.0.1 - - [23/Feb/2019:08:32:11 +0000] "GET /help HTTP/1.1" 200 76421 "" "curl/7.59.0-DEV"
127.0.0.1 - - [23/Feb/2019:08:33:12 +0000] "GET /help HTTP/1.1" 200 76421 "" "curl/7.59.0-DEV"
127.0.0.1 - - [23/Feb/2019:08:34:12 +0000] "GET /help HTTP/1.1" 200 76421 "" "curl/7.59.0-DEV"
127.0.0.1 - - [23/Feb/2019:08:35:13 +0000] "GET /help HTTP/1.1" 200 76421 "" "curl/7.59.0-DEV"
127.0.0.1 - - [23/Feb/2019:08:49:47 +0000] "GET /help HTTP/1.1" 200 76421 "" "curl/7.59.0-DEV"
127.0.0.1 - - [23/Feb/2019:08:50:48 +0000] "GET /help HTTP/1.1" 200 76421 "" "curl/7.59.0-DEV"
127.0.0.1 - - [23/Feb/2019:08:51:49 +0000] "GET /help HTTP/1.1" 200 76421 "" "curl/7.59.0-DEV"
127.0.0.1 - - [23/Feb/2019:08:52:49 +0000] "GET /help HTTP/1.1" 200 76421 "" "curl/7.59.0-DEV"
172.17.0.1 - - [23/Feb/2019:08:53:31 +0000] "GET / HTTP/1.1" 200 7277 "http://localhost:8088/" "Mozilla/5.0 (X11; Linux x86_64; rv:65.0) Gecko/20100101 Firefox/65.0"
172.17.0.1 - - [23/Feb/2019:08:53:32 +0000] "GET /uploads/-/system/appearance/header_logo/1/arch_logo_2.png HTTP/1.1" 304 0 "http://localhost:8088/" "Mozilla/5.0 (X11; Linux x86_64; rv:65.0) Gecko/20100101 Firefox/65.0"
127.0.0.1 - - [23/Feb/2019:08:53:50 +0000] "GET /help HTTP/1.1" 200 76421 "" "curl/7.59.0-DEV"
172.17.0.1 - - [23/Feb/2019:08:54:27 +0000] "GET /admin HTTP/1.1" 200 7344 "http://localhost:8088/" "Mozilla/5.0 (X11; Linux x86_64; rv:65.0) Gecko/20100101 Firefox/65.0"
172.17.0.1 - - [23/Feb/2019:08:54:28 +0000] "GET /uploads/-/system/appearance/header_logo/1/arch_logo_2.png HTTP/1.1" 304 0 "http://localhost:8088/admin" "Mozilla/5.0 (X11; Linux x86_64; rv:65.0) Gecko/20100101 Firefox/65.0"
172.17.0.1 - - [23/Feb/2019:08:54:32 +0000] "GET /admin/appearance HTTP/1.1" 200 7733 "http://localhost:8088/admin" "Mozilla/5.0 (X11; Linux x86_64; rv:65.0) Gecko/20100101 Firefox/65.0"
172.17.0.1 - - [23/Feb/2019:08:54:33 +0000] "GET /uploads/-/system/appearance/logo/1/Koompi-wall-02.png HTTP/1.1" 304 0 "http://localhost:8088/admin/appearance" "Mozilla/5.0 (X11; Linux x86_64; rv:65.0) Gecko/20100101 Firefox/65.0"
172.17.0.1 - - [23/Feb/2019:08:54:33 +0000] "GET /uploads/-/system/appearance/header_logo/1/arch_logo_2.png HTTP/1.1" 304 0 "http://localhost:8088/admin/appearance" "Mozilla/5.0 (X11; Linux x86_64; rv:65.0) Gecko/20100101 Firefox/65.0"
127.0.0.1 - - [23/Feb/2019:08:54:51 +0000] "GET /help HTTP/1.1" 200 76421 "" "curl/7.59.0-DEV"
172.17.0.1 - - [23/Feb/2019:08:54:51 +0000] "POST /admin/appearance HTTP/1.1" 302 104 "http://localhost:8088/admin/appearance" "Mozilla/5.0 (X11; Linux x86_64; rv:65.0) Gecko/20100101 Firefox/65.0"
172.17.0.1 - - [23/Feb/2019:08:54:52 +0000] "GET /admin/appearance HTTP/1.1" 200 7775 "http://localhost:8088/admin/appearance" "Mozilla/5.0 (X11; Linux x86_64; rv:65.0) Gecko/20100101 Firefox/65.0"
172.17.0.1 - - [23/Feb/2019:08:54:53 +0000] "GET /uploads/-/system/appearance/favicon/1/Black%2BT%2B-%2BStudio.png HTTP/1.1" 200 112738 "" "Mozilla/5.0 (X11; Linux x86_64; rv:65.0) Gecko/20100101 Firefox/65.0"
172.17.0.1 - - [23/Feb/2019:08:54:53 +0000] "GET /uploads/-/system/appearance/header_logo/1/arch_logo_2.png HTTP/1.1" 304 0 "http://localhost:8088/admin/appearance" "Mozilla/5.0 (X11; Linux x86_64; rv:65.0) Gecko/20100101 Firefox/65.0"
172.17.0.1 - - [23/Feb/2019:08:54:53 +0000] "GET /uploads/-/system/appearance/logo/1/Koompi-wall-02.png HTTP/1.1" 304 0 "http://localhost:8088/admin/appearance" "Mozilla/5.0 (X11; Linux x86_64; rv:65.0) Gecko/20100101 Firefox/65.0"
172.17.0.1 - - [23/Feb/2019:08:54:53 +0000] "GET /uploads/-/system/appearance/favicon/1/Black+T+-+Studio.png HTTP/1.1" 200 112738 "http://localhost:8088/admin/appearance" "Mozilla/5.0 (X11; Linux x86_64; rv:65.0) Gecko/20100101 Firefox/65.0"
172.17.0.1 - - [23/Feb/2019:08:55:11 +0000] "POST /admin/appearance HTTP/1.1" 302 104 "http://localhost:8088/admin/appearance" "Mozilla/5.0 (X11; Linux x86_64; rv:65.0) Gecko/20100101 Firefox/65.0"
172.17.0.1 - - [23/Feb/2019:08:55:11 +0000] "GET /admin/appearance HTTP/1.1" 200 7777 "http://localhost:8088/admin/appearance" "Mozilla/5.0 (X11; Linux x86_64; rv:65.0) Gecko/20100101 Firefox/65.0"
172.17.0.1 - - [23/Feb/2019:08:55:12 +0000] "GET /uploads/-/system/appearance/favicon/1/Black+T+-+Studio.png HTTP/1.1" 304 0 "http://localhost:8088/admin/appearance" "Mozilla/5.0 (X11; Linux x86_64; rv:65.0) Gecko/20100101 Firefox/65.0"
172.17.0.1 - - [23/Feb/2019:08:55:12 +0000] "GET /uploads/-/system/appearance/header_logo/1/arch_logo_2.png HTTP/1.1" 304 0 "http://localhost:8088/admin/appearance" "Mozilla/5.0 (X11; Linux x86_64; rv:65.0) Gecko/20100101 Firefox/65.0"
172.17.0.1 - - [23/Feb/2019:08:55:12 +0000] "GET /uploads/-/system/appearance/logo/1/Koompi-wall-02.png HTTP/1.1" 304 0 "http://localhost:8088/admin/appearance" "Mozilla/5.0 (X11; Linux x86_64; rv:65.0) Gecko/20100101 Firefox/65.0"
172.17.0.1 - - [23/Feb/2019:08:55:15 +0000] "GET /users/sign_out HTTP/1.1" 302 101 "http://localhost:8088/admin/appearance" "Mozilla/5.0 (X11; Linux x86_64; rv:65.0) Gecko/20100101 Firefox/65.0"
172.17.0.1 - - [23/Feb/2019:08:55:15 +0000] "GET /users/sign_in HTTP/1.1" 200 4069 "http://localhost:8088/admin/appearance" "Mozilla/5.0 (X11; Linux x86_64; rv:65.0) Gecko/20100101 Firefox/65.0"
172.17.0.1 - - [23/Feb/2019:08:55:16 +0000] "GET /uploads/-/system/appearance/header_logo/1/arch_logo_2.png HTTP/1.1" 304 0 "http://localhost:8088/users/sign_in" "Mozilla/5.0 (X11; Linux x86_64; rv:65.0) Gecko/20100101 Firefox/65.0"
172.17.0.1 - - [23/Feb/2019:08:55:16 +0000] "GET /uploads/-/system/appearance/logo/1/Koompi-wall-02.png HTTP/1.1" 304 0 "http://localhost:8088/users/sign_in" "Mozilla/5.0 (X11; Linux x86_64; rv:65.0) Gecko/20100101 Firefox/65.0"
172.17.0.1 - - [23/Feb/2019:08:55:37 +0000] "POST /users/sign_in HTTP/1.1" 302 88 "http://localhost:8088/users/sign_in" "Mozilla/5.0 (X11; Linux x86_64; rv:65.0) Gecko/20100101 Firefox/65.0"
172.17.0.1 - - [23/Feb/2019:08:55:37 +0000] "GET / HTTP/1.1" 200 7259 "http://localhost:8088/users/sign_in" "Mozilla/5.0 (X11; Linux x86_64; rv:65.0) Gecko/20100101 Firefox/65.0"
172.17.0.1 - - [23/Feb/2019:08:55:38 +0000] "GET /uploads/-/system/appearance/header_logo/1/arch_logo_2.png HTTP/1.1" 304 0 "http://localhost:8088/" "Mozilla/5.0 (X11; Linux x86_64; rv:65.0) Gecko/20100101 Firefox/65.0"
172.17.0.1 - - [23/Feb/2019:08:55:42 +0000] "GET /admin HTTP/1.1" 200 7329 "http://localhost:8088/" "Mozilla/5.0 (X11; Linux x86_64; rv:65.0) Gecko/20100101 Firefox/65.0"
172.17.0.1 - - [23/Feb/2019:08:55:43 +0000] "GET /uploads/-/system/appearance/header_logo/1/arch_logo_2.png HTTP/1.1" 304 0 "http://localhost:8088/admin" "Mozilla/5.0 (X11; Linux x86_64; rv:65.0) Gecko/20100101 Firefox/65.0"
172.17.0.1 - - [23/Feb/2019:08:55:46 +0000] "GET /admin/appearance HTTP/1.1" 200 7738 "http://localhost:8088/admin" "Mozilla/5.0 (X11; Linux x86_64; rv:65.0) Gecko/20100101 Firefox/65.0"
172.17.0.1 - - [23/Feb/2019:08:55:47 +0000] "GET /uploads/-/system/appearance/logo/1/Koompi-wall-02.png HTTP/1.1" 304 0 "http://localhost:8088/admin/appearance" "Mozilla/5.0 (X11; Linux x86_64; rv:65.0) Gecko/20100101 Firefox/65.0"
172.17.0.1 - - [23/Feb/2019:08:55:47 +0000] "GET /uploads/-/system/appearance/header_logo/1/arch_logo_2.png HTTP/1.1" 304 0 "http://localhost:8088/admin/appearance" "Mozilla/5.0 (X11; Linux x86_64; rv:65.0) Gecko/20100101 Firefox/65.0"
172.17.0.1 - - [23/Feb/2019:08:55:47 +0000] "GET /uploads/-/system/appearance/favicon/1/Black+T+-+Studio.png HTTP/1.1" 200 112738 "http://localhost:8088/admin/appearance" "Mozilla/5.0 (X11; Linux x86_64; rv:65.0) Gecko/20100101 Firefox/65.0"
127.0.0.1 - - [23/Feb/2019:08:55:52 +0000] "GET /help HTTP/1.1" 200 76341 "" "curl/7.59.0-DEV"
127.0.0.1 - - [23/Feb/2019:08:56:52 +0000] "GET /help HTTP/1.1" 200 76341 "" "curl/7.59.0-DEV"
127.0.0.1 - - [23/Feb/2019:08:57:53 +0000] "GET /help HTTP/1.1" 200 76341 "" "curl/7.59.0-DEV"
172.17.0.1 - - [23/Feb/2019:08:58:12 +0000] "GET /admin HTTP/1.1" 200 7331 "http://localhost:8088/admin/appearance" "Mozilla/5.0 (X11; Linux x86_64; rv:65.0) Gecko/20100101 Firefox/65.0"
172.17.0.1 - - [23/Feb/2019:08:58:13 +0000] "GET /uploads/-/system/appearance/header_logo/1/arch_logo_2.png HTTP/1.1" 304 0 "http://localhost:8088/admin" "Mozilla/5.0 (X11; Linux x86_64; rv:65.0) Gecko/20100101 Firefox/65.0"
172.17.0.1 - - [23/Feb/2019:08:58:17 +0000] "GET /admin/appearance HTTP/1.1" 200 7741 "http://localhost:8088/admin" "Mozilla/5.0 (X11; Linux x86_64; rv:65.0) Gecko/20100101 Firefox/65.0"
172.17.0.1 - - [23/Feb/2019:08:58:18 +0000] "GET /uploads/-/system/appearance/logo/1/Koompi-wall-02.png HTTP/1.1" 304 0 "http://localhost:8088/admin/appearance" "Mozilla/5.0 (X11; Linux x86_64; rv:65.0) Gecko/20100101 Firefox/65.0"
172.17.0.1 - - [23/Feb/2019:08:58:18 +0000] "GET /uploads/-/system/appearance/header_logo/1/arch_logo_2.png HTTP/1.1" 304 0 "http://localhost:8088/admin/appearance" "Mozilla/5.0 (X11; Linux x86_64; rv:65.0) Gecko/20100101 Firefox/65.0"
172.17.0.1 - - [23/Feb/2019:08:58:18 +0000] "GET /uploads/-/system/appearance/favicon/1/Black+T+-+Studio.png HTTP/1.1" 304 0 "http://localhost:8088/admin/appearance" "Mozilla/5.0 (X11; Linux x86_64; rv:65.0) Gecko/20100101 Firefox/65.0"
172.17.0.1 - - [23/Feb/2019:08:58:22 +0000] "POST /admin/appearance/header_logos HTTP/1.1" 302 104 "http://localhost:8088/admin/appearance" "Mozilla/5.0 (X11; Linux x86_64; rv:65.0) Gecko/20100101 Firefox/65.0"
172.17.0.1 - - [23/Feb/2019:08:58:23 +0000] "GET /admin/appearance HTTP/1.1" 200 8724 "http://localhost:8088/admin/appearance" "Mozilla/5.0 (X11; Linux x86_64; rv:65.0) Gecko/20100101 Firefox/65.0"
172.17.0.1 - - [23/Feb/2019:08:58:24 +0000] "GET /uploads/-/system/appearance/logo/1/Koompi-wall-02.png HTTP/1.1" 304 0 "http://localhost:8088/admin/appearance" "Mozilla/5.0 (X11; Linux x86_64; rv:65.0) Gecko/20100101 Firefox/65.0"
172.17.0.1 - - [23/Feb/2019:08:58:24 +0000] "GET /uploads/-/system/appearance/favicon/1/Black+T+-+Studio.png HTTP/1.1" 304 0 "http://localhost:8088/admin/appearance" "Mozilla/5.0 (X11; Linux x86_64; rv:65.0) Gecko/20100101 Firefox/65.0"
172.17.0.1 - - [23/Feb/2019:08:58:36 +0000] "POST /admin/appearance HTTP/1.1" 302 104 "http://localhost:8088/admin/appearance" "Mozilla/5.0 (X11; Linux x86_64; rv:65.0) Gecko/20100101 Firefox/65.0"
172.17.0.1 - - [23/Feb/2019:08:58:37 +0000] "GET /admin/appearance HTTP/1.1" 200 7781 "http://localhost:8088/admin/appearance" "Mozilla/5.0 (X11; Linux x86_64; rv:65.0) Gecko/20100101 Firefox/65.0"
172.17.0.1 - - [23/Feb/2019:08:58:37 +0000] "GET /uploads/-/system/appearance/favicon/1/Black+T+-+Studio.png HTTP/1.1" 304 0 "http://localhost:8088/admin/appearance" "Mozilla/5.0 (X11; Linux x86_64; rv:65.0) Gecko/20100101 Firefox/65.0"
172.17.0.1 - - [23/Feb/2019:08:58:38 +0000] "GET /uploads/-/system/appearance/header_logo/1/koosmos.png HTTP/1.1" 200 30098 "http://localhost:8088/admin/appearance" "Mozilla/5.0 (X11; Linux x86_64; rv:65.0) Gecko/20100101 Firefox/65.0"
172.17.0.1 - - [23/Feb/2019:08:58:38 +0000] "GET /uploads/-/system/appearance/logo/1/Koompi-wall-02.png HTTP/1.1" 304 0 "http://localhost:8088/admin/appearance" "Mozilla/5.0 (X11; Linux x86_64; rv:65.0) Gecko/20100101 Firefox/65.0"
172.17.0.1 - - [23/Feb/2019:08:58:42 +0000] "GET /admin HTTP/1.1" 200 7328 "http://localhost:8088/admin/appearance" "Mozilla/5.0 (X11; Linux x86_64; rv:65.0) Gecko/20100101 Firefox/65.0"
172.17.0.1 - - [23/Feb/2019:08:58:43 +0000] "GET /uploads/-/system/appearance/header_logo/1/koosmos.png HTTP/1.1" 304 0 "http://localhost:8088/admin" "Mozilla/5.0 (X11; Linux x86_64; rv:65.0) Gecko/20100101 Firefox/65.0"
127.0.0.1 - - [23/Feb/2019:08:58:54 +0000] "GET /help HTTP/1.1" 200 76336 "" "curl/7.59.0-DEV"
172.17.0.1 - - [23/Feb/2019:08:58:58 +0000] "GET /explore HTTP/1.1" 200 5940 "http://localhost:8088/admin" "Mozilla/5.0 (X11; Linux x86_64; rv:65.0) Gecko/20100101 Firefox/65.0"
172.17.0.1 - - [23/Feb/2019:08:58:59 +0000] "GET /assets/webpack/pages.explore.projects.ebf72b99.chunk.js HTTP/1.1" 200 1121 "http://localhost:8088/explore" "Mozilla/5.0 (X11; Linux x86_64; rv:65.0) Gecko/20100101 Firefox/65.0"
172.17.0.1 - - [23/Feb/2019:08:58:59 +0000] "GET /assets/illustrations/profile-page/personal-project-6c5243827e6334c455d16239f826853e3353d740c40f39e026c60cf45c1552ae.svg HTTP/1.1" 200 512 "http://localhost:8088/explore" "Mozilla/5.0 (X11; Linux x86_64; rv:65.0) Gecko/20100101 Firefox/65.0"
172.17.0.1 - - [23/Feb/2019:08:58:59 +0000] "GET /uploads/-/system/appearance/header_logo/1/koosmos.png HTTP/1.1" 304 0 "http://localhost:8088/explore" "Mozilla/5.0 (X11; Linux x86_64; rv:65.0) Gecko/20100101 Firefox/65.0"
172.17.0.1 - - [23/Feb/2019:08:59:30 +0000] "GET / HTTP/1.1" 200 7260 "http://localhost:8088/explore" "Mozilla/5.0 (X11; Linux x86_64; rv:65.0) Gecko/20100101 Firefox/65.0"
172.17.0.1 - - [23/Feb/2019:08:59:31 +0000] "GET /uploads/-/system/appearance/header_logo/1/koosmos.png HTTP/1.1" 304 0 "http://localhost:8088/" "Mozilla/5.0 (X11; Linux x86_64; rv:65.0) Gecko/20100101 Firefox/65.0"
172.17.0.1 - - [23/Feb/2019:08:59:36 +0000] "GET /users/sign_out HTTP/1.1" 302 101 "http://localhost:8088/" "Mozilla/5.0 (X11; Linux x86_64; rv:65.0) Gecko/20100101 Firefox/65.0"
172.17.0.1 - - [23/Feb/2019:08:59:36 +0000] "GET /users/sign_in HTTP/1.1" 200 4064 "http://localhost:8088/" "Mozilla/5.0 (X11; Linux x86_64; rv:65.0) Gecko/20100101 Firefox/65.0"
172.17.0.1 - - [23/Feb/2019:08:59:37 +0000] "GET /uploads/-/system/appearance/logo/1/Koompi-wall-02.png HTTP/1.1" 304 0 "http://localhost:8088/users/sign_in" "Mozilla/5.0 (X11; Linux x86_64; rv:65.0) Gecko/20100101 Firefox/65.0"
172.17.0.1 - - [23/Feb/2019:08:59:37 +0000] "GET /uploads/-/system/appearance/header_logo/1/koosmos.png HTTP/1.1" 304 0 "http://localhost:8088/users/sign_in" "Mozilla/5.0 (X11; Linux x86_64; rv:65.0) Gecko/20100101 Firefox/65.0"
127.0.0.1 - - [23/Feb/2019:08:59:55 +0000] "GET /help HTTP/1.1" 200 76337 "" "curl/7.59.0-DEV"
127.0.0.1 - - [23/Feb/2019:09:00:55 +0000] "GET /help HTTP/1.1" 200 76337 "" "curl/7.59.0-DEV"
127.0.0.1 - - [23/Feb/2019:09:01:56 +0000] "GET /help HTTP/1.1" 200 76337 "" "curl/7.59.0-DEV"
127.0.0.1 - - [23/Feb/2019:09:02:57 +0000] "GET /help HTTP/1.1" 200 76337 "" "curl/7.59.0-DEV"
127.0.0.1 - - [23/Feb/2019:09:03:58 +0000] "GET /help HTTP/1.1" 200 76337 "" "curl/7.59.0-DEV"
127.0.0.1 - - [23/Feb/2019:09:04:58 +0000] "GET /help HTTP/1.1" 200 76337 "" "curl/7.59.0-DEV"
127.0.0.1 - - [23/Feb/2019:09:05:59 +0000] "GET /help HTTP/1.1" 200 76337 "" "curl/7.59.0-DEV"
127.0.0.1 - - [23/Feb/2019:09:07:00 +0000] "GET /help HTTP/1.1" 200 76337 "" "curl/7.59.0-DEV"
172.17.0.1 - - [23/Feb/2019:09:07:10 +0000] "POST /users/sign_in HTTP/1.1" 302 88 "http://localhost:8088/users/sign_in" "Mozilla/5.0 (X11; Linux x86_64; rv:65.0) Gecko/20100101 Firefox/65.0"
172.17.0.1 - - [23/Feb/2019:09:07:10 +0000] "GET / HTTP/1.1" 200 7261 "http://localhost:8088/users/sign_in" "Mozilla/5.0 (X11; Linux x86_64; rv:65.0) Gecko/20100101 Firefox/65.0"
172.17.0.1 - - [23/Feb/2019:09:07:11 +0000] "GET /uploads/-/system/appearance/header_logo/1/koosmos.png HTTP/1.1" 304 0 "http://localhost:8088/" "Mozilla/5.0 (X11; Linux x86_64; rv:65.0) Gecko/20100101 Firefox/65.0"
172.17.0.1 - - [23/Feb/2019:09:07:14 +0000] "GET /admin HTTP/1.1" 200 7331 "http://localhost:8088/" "Mozilla/5.0 (X11; Linux x86_64; rv:65.0) Gecko/20100101 Firefox/65.0"
172.17.0.1 - - [23/Feb/2019:09:07:15 +0000] "GET /uploads/-/system/appearance/header_logo/1/koosmos.png HTTP/1.1" 304 0 "http://localhost:8088/admin" "Mozilla/5.0 (X11; Linux x86_64; rv:65.0) Gecko/20100101 Firefox/65.0"
172.17.0.1 - - [23/Feb/2019:09:07:18 +0000] "GET /admin/appearance HTTP/1.1" 200 7740 "http://localhost:8088/admin" "Mozilla/5.0 (X11; Linux x86_64; rv:65.0) Gecko/20100101 Firefox/65.0"
172.17.0.1 - - [23/Feb/2019:09:07:20 +0000] "GET /uploads/-/system/appearance/header_logo/1/koosmos.png HTTP/1.1" 304 0 "http://localhost:8088/admin/appearance" "Mozilla/5.0 (X11; Linux x86_64; rv:65.0) Gecko/20100101 Firefox/65.0"
172.17.0.1 - - [23/Feb/2019:09:07:20 +0000] "GET /uploads/-/system/appearance/favicon/1/Black+T+-+Studio.png HTTP/1.1" 304 0 "http://localhost:8088/admin/appearance" "Mozilla/5.0 (X11; Linux x86_64; rv:65.0) Gecko/20100101 Firefox/65.0"
172.17.0.1 - - [23/Feb/2019:09:07:20 +0000] "GET /uploads/-/system/appearance/logo/1/Koompi-wall-02.png HTTP/1.1" 304 0 "http://localhost:8088/admin/appearance" "Mozilla/5.0 (X11; Linux x86_64; rv:65.0) Gecko/20100101 Firefox/65.0"
127.0.0.1 - - [23/Feb/2019:09:08:01 +0000] "GET /help HTTP/1.1" 200 76337 "" "curl/7.59.0-DEV"
127.0.0.1 - - [23/Feb/2019:09:09:01 +0000] "GET /help HTTP/1.1" 200 76337 "" "curl/7.59.0-DEV"
172.17.0.1 - - [23/Feb/2019:09:09:50 +0000] "POST /admin/appearance HTTP/1.1" 302 104 "http://localhost:8088/admin/appearance" "Mozilla/5.0 (X11; Linux x86_64; rv:65.0) Gecko/20100101 Firefox/65.0"
172.17.0.1 - - [23/Feb/2019:09:09:50 +0000] "GET /admin/appearance HTTP/1.1" 200 7858 "http://localhost:8088/admin/appearance" "Mozilla/5.0 (X11; Linux x86_64; rv:65.0) Gecko/20100101 Firefox/65.0"
172.17.0.1 - - [23/Feb/2019:09:09:51 +0000] "GET /uploads/-/system/appearance/header_logo/1/koosmos.png HTTP/1.1" 304 0 "http://localhost:8088/admin/appearance" "Mozilla/5.0 (X11; Linux x86_64; rv:65.0) Gecko/20100101 Firefox/65.0"
172.17.0.1 - - [23/Feb/2019:09:09:51 +0000] "GET /uploads/-/system/appearance/favicon/1/Black+T+-+Studio.png HTTP/1.1" 304 0 "http://localhost:8088/admin/appearance" "Mozilla/5.0 (X11; Linux x86_64; rv:65.0) Gecko/20100101 Firefox/65.0"
172.17.0.1 - - [23/Feb/2019:09:09:51 +0000] "GET /uploads/-/system/appearance/logo/1/Koompi-wall-02.png HTTP/1.1" 304 0 "http://localhost:8088/admin/appearance" "Mozilla/5.0 (X11; Linux x86_64; rv:65.0) Gecko/20100101 Firefox/65.0"
172.17.0.1 - - [23/Feb/2019:09:09:53 +0000] "GET /users/sign_out HTTP/1.1" 302 101 "http://localhost:8088/admin/appearance" "Mozilla/5.0 (X11; Linux x86_64; rv:65.0) Gecko/20100101 Firefox/65.0"
172.17.0.1 - - [23/Feb/2019:09:09:53 +0000] "GET /users/sign_in HTTP/1.1" 200 4002 "http://localhost:8088/admin/appearance" "Mozilla/5.0 (X11; Linux x86_64; rv:65.0) Gecko/20100101 Firefox/65.0"
172.17.0.1 - - [23/Feb/2019:09:09:54 +0000] "GET /uploads/-/system/appearance/logo/1/Koompi-wall-02.png HTTP/1.1" 304 0 "http://localhost:8088/users/sign_in" "Mozilla/5.0 (X11; Linux x86_64; rv:65.0) Gecko/20100101 Firefox/65.0"
172.17.0.1 - - [23/Feb/2019:09:09:54 +0000] "GET /uploads/-/system/appearance/header_logo/1/koosmos.png HTTP/1.1" 304 0 "http://localhost:8088/users/sign_in" "Mozilla/5.0 (X11; Linux x86_64; rv:65.0) Gecko/20100101 Firefox/65.0"
127.0.0.1 - - [23/Feb/2019:09:10:02 +0000] "GET /help HTTP/1.1" 200 76379 "" "curl/7.59.0-DEV"
172.17.0.1 - - [23/Feb/2019:09:10:07 +0000] "POST /users/sign_in HTTP/1.1" 302 88 "http://localhost:8088/users/sign_in" "Mozilla/5.0 (X11; Linux x86_64; rv:65.0) Gecko/20100101 Firefox/65.0"
172.17.0.1 - - [23/Feb/2019:09:10:07 +0000] "GET / HTTP/1.1" 200 7260 "http://localhost:8088/users/sign_in" "Mozilla/5.0 (X11; Linux x86_64; rv:65.0) Gecko/20100101 Firefox/65.0"
172.17.0.1 - - [23/Feb/2019:09:10:08 +0000] "GET /uploads/-/system/appearance/header_logo/1/koosmos.png HTTP/1.1" 304 0 "http://localhost:8088/" "Mozilla/5.0 (X11; Linux x86_64; rv:65.0) Gecko/20100101 Firefox/65.0"
172.17.0.1 - - [23/Feb/2019:09:10:12 +0000] "GET /admin HTTP/1.1" 200 7340 "http://localhost:8088/" "Mozilla/5.0 (X11; Linux x86_64; rv:65.0) Gecko/20100101 Firefox/65.0"
172.17.0.1 - - [23/Feb/2019:09:10:13 +0000] "GET /uploads/-/system/appearance/header_logo/1/koosmos.png HTTP/1.1" 304 0 "http://localhost:8088/admin" "Mozilla/5.0 (X11; Linux x86_64; rv:65.0) Gecko/20100101 Firefox/65.0"
172.17.0.1 - - [23/Feb/2019:09:10:16 +0000] "GET /admin/appearance HTTP/1.1" 200 7817 "http://localhost:8088/admin" "Mozilla/5.0 (X11; Linux x86_64; rv:65.0) Gecko/20100101 Firefox/65.0"
172.17.0.1 - - [23/Feb/2019:09:10:17 +0000] "GET /uploads/-/system/appearance/header_logo/1/koosmos.png HTTP/1.1" 304 0 "http://localhost:8088/admin/appearance" "Mozilla/5.0 (X11; Linux x86_64; rv:65.0) Gecko/20100101 Firefox/65.0"
172.17.0.1 - - [23/Feb/2019:09:10:17 +0000] "GET /uploads/-/system/appearance/favicon/1/Black+T+-+Studio.png HTTP/1.1" 304 0 "http://localhost:8088/admin/appearance" "Mozilla/5.0 (X11; Linux x86_64; rv:65.0) Gecko/20100101 Firefox/65.0"
172.17.0.1 - - [23/Feb/2019:09:10:17 +0000] "GET /uploads/-/system/appearance/logo/1/Koompi-wall-02.png HTTP/1.1" 304 0 "http://localhost:8088/admin/appearance" "Mozilla/5.0 (X11; Linux x86_64; rv:65.0) Gecko/20100101 Firefox/65.0"
172.17.0.1 - - [23/Feb/2019:09:10:32 +0000] "POST /admin/appearance HTTP/1.1" 302 104 "http://localhost:8088/admin/appearance" "Mozilla/5.0 (X11; Linux x86_64; rv:65.0) Gecko/20100101 Firefox/65.0"
172.17.0.1 - - [23/Feb/2019:09:10:32 +0000] "GET /admin/appearance HTTP/1.1" 200 7863 "http://localhost:8088/admin/appearance" "Mozilla/5.0 (X11; Linux x86_64; rv:65.0) Gecko/20100101 Firefox/65.0"
172.17.0.1 - - [23/Feb/2019:09:10:33 +0000] "GET /uploads/-/system/appearance/header_logo/1/koosmos.png HTTP/1.1" 304 0 "http://localhost:8088/admin/appearance" "Mozilla/5.0 (X11; Linux x86_64; rv:65.0) Gecko/20100101 Firefox/65.0"
172.17.0.1 - - [23/Feb/2019:09:10:33 +0000] "GET /uploads/-/system/appearance/favicon/1/Black+T+-+Studio.png HTTP/1.1" 304 0 "http://localhost:8088/admin/appearance" "Mozilla/5.0 (X11; Linux x86_64; rv:65.0) Gecko/20100101 Firefox/65.0"
172.17.0.1 - - [23/Feb/2019:09:10:33 +0000] "GET /uploads/-/system/appearance/logo/1/Koompi-wall-02.png HTTP/1.1" 304 0 "http://localhost:8088/admin/appearance" "Mozilla/5.0 (X11; Linux x86_64; rv:65.0) Gecko/20100101 Firefox/65.0"
127.0.0.1 - - [23/Feb/2019:09:11:03 +0000] "GET /help HTTP/1.1" 200 76379 "" "curl/7.59.0-DEV"
127.0.0.1 - - [23/Feb/2019:09:12:04 +0000] "GET /help HTTP/1.1" 200 76379 "" "curl/7.59.0-DEV"
172.17.0.1 - - [23/Feb/2019:09:12:43 +0000] "GET /admin/deploy_keys HTTP/1.1" 200 6514 "http://localhost:8088/admin/appearance" "Mozilla/5.0 (X11; Linux x86_64; rv:65.0) Gecko/20100101 Firefox/65.0"
172.17.0.1 - - [23/Feb/2019:09:12:44 +0000] "GET /uploads/-/system/appearance/header_logo/1/koosmos.png HTTP/1.1" 304 0 "http://localhost:8088/admin/deploy_keys" "Mozilla/5.0 (X11; Linux x86_64; rv:65.0) Gecko/20100101 Firefox/65.0"
172.17.0.1 - - [23/Feb/2019:09:12:48 +0000] "GET /admin/abuse_reports HTTP/1.1" 200 6577 "http://localhost:8088/admin/deploy_keys" "Mozilla/5.0 (X11; Linux x86_64; rv:65.0) Gecko/20100101 Firefox/65.0"
172.17.0.1 - - [23/Feb/2019:09:12:49 +0000] "GET /assets/webpack/pages.admin.abuse_reports.0b4bc971.chunk.js HTTP/1.1" 200 1122 "http://localhost:8088/admin/abuse_reports" "Mozilla/5.0 (X11; Linux x86_64; rv:65.0) Gecko/20100101 Firefox/65.0"
172.17.0.1 - - [23/Feb/2019:09:12:49 +0000] "GET /uploads/-/system/appearance/header_logo/1/koosmos.png HTTP/1.1" 304 0 "http://localhost:8088/admin/abuse_reports" "Mozilla/5.0 (X11; Linux x86_64; rv:65.0) Gecko/20100101 Firefox/65.0"
172.17.0.1 - - [23/Feb/2019:09:12:51 +0000] "GET /admin/applications HTTP/1.1" 200 6625 "http://localhost:8088/admin/abuse_reports" "Mozilla/5.0 (X11; Linux x86_64; rv:65.0) Gecko/20100101 Firefox/65.0"
172.17.0.1 - - [23/Feb/2019:09:12:52 +0000] "GET /uploads/-/system/appearance/header_logo/1/koosmos.png HTTP/1.1" 304 0 "http://localhost:8088/admin/applications" "Mozilla/5.0 (X11; Linux x86_64; rv:65.0) Gecko/20100101 Firefox/65.0"
172.17.0.1 - - [23/Feb/2019:09:12:53 +0000] "GET /admin/hooks HTTP/1.1" 200 7559 "http://localhost:8088/admin/applications" "Mozilla/5.0 (X11; Linux x86_64; rv:65.0) Gecko/20100101 Firefox/65.0"
172.17.0.1 - - [23/Feb/2019:09:12:54 +0000] "GET /uploads/-/system/appearance/header_logo/1/koosmos.png HTTP/1.1" 304 0 "http://localhost:8088/admin/hooks" "Mozilla/5.0 (X11; Linux x86_64; rv:65.0) Gecko/20100101 Firefox/65.0"
172.17.0.1 - - [23/Feb/2019:09:12:57 +0000] "GET /admin/broadcast_messages HTTP/1.1" 200 8113 "http://localhost:8088/admin/hooks" "Mozilla/5.0 (X11; Linux x86_64; rv:65.0) Gecko/20100101 Firefox/65.0"
172.17.0.1 - - [23/Feb/2019:09:12:57 +0000] "GET /assets/webpack/pages.admin.broadcast_messages.9a573d39.chunk.js HTTP/1.1" 200 970 "http://localhost:8088/admin/broadcast_messages" "Mozilla/5.0 (X11; Linux x86_64; rv:65.0) Gecko/20100101 Firefox/65.0"
172.17.0.1 - - [23/Feb/2019:09:12:58 +0000] "GET /uploads/-/system/appearance/header_logo/1/koosmos.png HTTP/1.1" 304 0 "http://localhost:8088/admin/broadcast_messages" "Mozilla/5.0 (X11; Linux x86_64; rv:65.0) Gecko/20100101 Firefox/65.0"
172.17.0.1 - - [23/Feb/2019:09:13:03 +0000] "GET /admin/system_info HTTP/1.1" 200 6672 "http://localhost:8088/admin/broadcast_messages" "Mozilla/5.0 (X11; Linux x86_64; rv:65.0) Gecko/20100101 Firefox/65.0"
127.0.0.1 - - [23/Feb/2019:09:13:04 +0000] "GET /help HTTP/1.1" 200 76379 "" "curl/7.59.0-DEV"
172.17.0.1 - - [23/Feb/2019:09:13:04 +0000] "GET /uploads/-/system/appearance/header_logo/1/koosmos.png HTTP/1.1" 304 0 "http://localhost:8088/admin/system_info" "Mozilla/5.0 (X11; Linux x86_64; rv:65.0) Gecko/20100101 Firefox/65.0"
127.0.0.1 - - [23/Feb/2019:09:14:05 +0000] "GET /help HTTP/1.1" 200 76379 "" "curl/7.59.0-DEV"
127.0.0.1 - - [23/Feb/2019:09:15:06 +0000] "GET /help HTTP/1.1" 200 76379 "" "curl/7.59.0-DEV"
